<div style="background:url(assets/image/loading-32c198278c026985bc8ece35bf38546f.gif)"></div>
<div style="background-image:url(assets/image/loading-32c198278c026985bc8ece35bf38546f.gif)"></div>
<div style="-background:url(assets/image/loading-32c198278c026985bc8ece35bf38546f.gif)"></div>
<div style="-background-image:url(assets/image/loading-32c198278c026985bc8ece35bf38546f.gif)"></div>
<div style="_background:url(assets/image/loading-32c198278c026985bc8ece35bf38546f.gif)"></div>
<div style="_background-image:url(assets/image/loading-32c198278c026985bc8ece35bf38546f.gif)"></div>
